---
source: buildpacks/dotnet/src/errors.rs
---
- [1;36mDebug info[0m
  - foo2 bar baz

[0;31m! Error completing buildpack detection[0m
[0;31m![0m
[0;31m! An unexpected I/O error occurred while determining if we must run the Heroku .NET buildpack for this application.[0m
[0;31m![0m
[0;31m! Use the debug information above to troubleshoot and retry your build. If the[0m
[0;31m! issue persists, file an issue here:[0m
[0;31m! https://github.com/heroku/buildpacks-dotnet/issues/new[0m
