---
source: buildpacks/dotnet/src/errors.rs
---
- [1;36mDebug info[0m
  - expected 'Simulated XML parsing error at line 1' at 1:2

[0;31m! Error parsing the project file[0m
[0;31m![0m
[0;31m! We canâ€™t parse the project fileâ€™s XML content. Parsing errors usually[0m
[0;31m! indicate an error in the project file.[0m
[0;31m![0m
[0;31m! Use the debug information above to troubleshoot and retry your build.[0m
