---
source: buildpacks/dotnet/src/errors.rs
---
- [1;36mDebug info[0m
  - unexpected character 'i' while parsing major version number

[0;31m! Error parsing `global.json` version requirement[0m
[0;31m![0m
[0;31m! We canâ€™t parse the .NET SDK version requirement.[0m
[0;31m![0m
[0;31m! Use the debug information above to troubleshoot and retry your build. For more[0m
[0;31m! information, see:[0m
[0;31m! https://github.com/heroku/buildpacks-dotnet#net-version[0m
